<html>
<body>
<pre>
<h1>µVision Build Log</h1>
<h2>Project:</h2>
G:\MySTM32F103c8t6\C8T6Projects\Water\MDK-ARM\Project.uvproj
Project File Date:  08/01/2016

<h2>Output:</h2>
Build target 'LED'
compiling main.c...
compiling stm32f10x_it.c...
compiling init.c...
compiling oled.c...
..\USER\oled.c(815): warning:  #167-D: argument of type "u8 *" is incompatible with parameter of type "char *"
..\USER\oled.c(883): warning:  #167-D: argument of type "u8 *" is incompatible with parameter of type "char *"
..\USER\oled.c(942): warning:  #167-D: argument of type "u8 *" is incompatible with parameter of type "char *"
..\USER\oled.c(977): warning:  #167-D: argument of type "u8 *" is incompatible with parameter of type "char *"
compiling uart.c...
compiling pwm.c...
compiling ad.c...
compiling pose.c...
compiling sensor.c...
compiling GUI.c...
compiling GUIcustom.c...
compiling key.c...
compiling key_event.c...
compiling flash.c...
compiling Queue.c...
compiling iwdg.c...
compiling Sound.c...
compiling servo.c...
compiling slavecomputer.c...
compiling control.c...
compiling analysis.c...
compiling SystemCore.c...
compiling Motor.c...
linking...
Program Size: Code=21636 RO-data=3600 RW-data=1404 ZI-data=1908  
FromELF: creating hex file...
".\Obj\Project.axf" - 0 Errors, 4 Warning(s).
Build target 'LED'
compiling main.c...
compiling stm32f10x_it.c...
compiling init.c...
compiling oled.c...
..\USER\oled.c(815): warning:  #167-D: argument of type "u8 *" is incompatible with parameter of type "char *"
..\USER\oled.c(883): warning:  #167-D: argument of type "u8 *" is incompatible with parameter of type "char *"
..\USER\oled.c(942): warning:  #167-D: argument of type "u8 *" is incompatible with parameter of type "char *"
..\USER\oled.c(977): warning:  #167-D: argument of type "u8 *" is incompatible with parameter of type "char *"
compiling uart.c...
compiling pwm.c...
compiling ad.c...
compiling pose.c...
compiling sensor.c...
compiling GUI.c...
compiling GUIcustom.c...
compiling key.c...
compiling key_event.c...
compiling flash.c...
compiling Queue.c...
compiling iwdg.c...
compiling Sound.c...
compiling servo.c...
compiling slavecomputer.c...
compiling control.c...
compiling analysis.c...
compiling SystemCore.c...
compiling Motor.c...
linking...
Program Size: Code=21636 RO-data=3600 RW-data=1404 ZI-data=1908  
FromELF: creating hex file...
".\Obj\Project.axf" - 0 Errors, 4 Warning(s).
Build target 'LED'
compiling init.c...
linking...
Program Size: Code=21636 RO-data=3600 RW-data=1404 ZI-data=1908  
FromELF: creating hex file...
".\Obj\Project.axf" - 0 Errors, 0 Warning(s).
